[undangandigitalbali.com/tema/6/index55bc.html]
[backblue.gif]
[fade.gif]
[index.html]
[undangandigitalbali.com/tema/6/assets/img/thumb.webp]
[undangandigitalbali.com/tema/6/index.html]
[undangandigitalbali.com/assets/css/bootstrap.min.css]
[fonts.googleapis.com/index.html]
[unpkg.com/aos@2.3.1/dist/aos.css]
[undangandigitalbali.com/assets/css/slick.css]
[undangandigitalbali.com/assets/css/magnific-popup.css]
[undangandigitalbali.com/tema/6/assets/css/style.css]
[undangandigitalbali.com/assets/images/favicon.png]
[undangandigitalbali.com/assets/images/apple-touch-icon.png]
[undangandigitalbali.com/tema/6/load.html]
[undangandigitalbali.com/assets/song/sezairi-it-s-you.mp3]
[undangandigitalbali.com/tema/6/assets/img/groom.webp]
[undangandigitalbali.com/tema/6/assets/img/flower-1.png]
[undangandigitalbali.com/tema/6/assets/img/flower-2.png]
[undangandigitalbali.com/tema/6/assets/img/bride.webp]
[undangandigitalbali.com/tema/6/assets/img/pawiwahan-icon.png]
[undangandigitalbali.com/tema/6/assets/img/resepsi-icon.png]
[undangandigitalbali.com/tema/6/assets/img/stories/1.jpg]
[undangandigitalbali.com/tema/6/assets/img/stories/2.jpg]
[undangandigitalbali.com/tema/6/assets/img/stories/4.jpg]
[undangandigitalbali.com/tema/6/assets/img/stories/5.jpg]
[undangandigitalbali.com/tema/6/assets/img/stories/6.jpg]
[undangandigitalbali.com/tema/6/assets/img/stories/7.jpg]
[undangandigitalbali.com/tema/6/assets/img/stories/8.jpg]
[undangandigitalbali.com/tema/6/assets/img/stories/9.jpg]
[undangandigitalbali.com/tema/6/assets/img/stories/10.jpg]
[undangandigitalbali.com/tema/6/assets/img/loading.gif]
[code.jquery.com/jquery-3.6.1.min.js]
[undangandigitalbali.com/assets/js/smoothscroll.js]
[undangandigitalbali.com/assets/js/bootstrap.min.js]
[undangandigitalbali.com/assets/js/jquery.countdown.min.js]
[undangandigitalbali.com/assets/js/imagesloaded.pkgd.min.js]
[undangandigitalbali.com/assets/js/masonry.pkgd.min.js]
[undangandigitalbali.com/assets/js/slick.min.js]
[undangandigitalbali.com/assets/js/jquery.magnific-popup.min.js]
[unpkg.com/ionicons@5.2.3/dist/ionicons.js]
[unpkg.com/aos@2.3.1/dist/aos.js]
[undangandigitalbali.com/tema/6/assets/js/script.js]
[undangandigitalbali.com/tema/6/index55bc.html]
[undangandigitalbali.com/tema/6/index.html]
[fonts.googleapis.com/index.html]
[fonts.gstatic.com/index.html]
[fonts.googleapis.com/css219e3.css]
[undangandigitalbali.com/tema/6/load.html]
[undangandigitalbali.com/tema/6/index.html]
[undangandigitalbali.com/assets/song/sezairi-it-s-you.mp3]
[undangandigitalbali.com/tema/6/assets/img/groom.webp]
[undangandigitalbali.com/assets/css/bootstrap.min.css]
[undangandigitalbali.com/tema/6/assets/img/flower-1.png]
[unpkg.com/aos@2.3.1/dist/aos.css]
[undangandigitalbali.com/tema/6/assets/img/bride.webp]
[undangandigitalbali.com/assets/css/slick.css]
[undangandigitalbali.com/tema/6/assets/img/stories/1.jpg]
[undangandigitalbali.com/assets/css/magnific-popup.css]
[undangandigitalbali.com/tema/6/assets/img/stories/2.jpg]
[undangandigitalbali.com/tema/6/assets/img/stories/4.jpg]
[undangandigitalbali.com/assets/images/favicon.png]
[undangandigitalbali.com/tema/6/assets/img/flower-2.png]
[undangandigitalbali.com/tema/6/assets/img/resepsi-icon.png]
[undangandigitalbali.com/tema/6/assets/img/stories/5.jpg]
[undangandigitalbali.com/tema/6/assets/img/bg-pattern.png]
[undangandigitalbali.com/tema/6/assets/img/stories/6.jpg]
[undangandigitalbali.com/tema/6/assets/img/hero1.webp]
[undangandigitalbali.com/tema/6/assets/img/hero2.webp]
[undangandigitalbali.com/tema/6/assets/img/hero3.jpg]
[undangandigitalbali.com/tema/6/assets/img/stories/7.jpg]
[undangandigitalbali.com/tema/6/assets/img/stories/8.jpg]
[undangandigitalbali.com/tema/6/assets/img/stories/9.jpg]
[undangandigitalbali.com/tema/6/assets/img/pawiwahan-bg.webp]
[undangandigitalbali.com/tema/6/assets/img/resepsi-bg.webp]
[undangandigitalbali.com/tema/6/assets/img/bg-ucapan.webp]
[undangandigitalbali.com/tema/6/assets/img/bg-modal..webp]
[undangandigitalbali.com/tema/6/assets/css/style.css]
[undangandigitalbali.com/tema/6/assets/img/stories/10.jpg]
[undangandigitalbali.com/assets/images/apple-touch-icon.html]
[undangandigitalbali.com/tema/6/assets/img/loading.gif]
[undangandigitalbali.com/assets/js/smoothscroll.js]
[undangandigitalbali.com/tema/6/assets/img/pawiwahan-bg.webp]
[undangandigitalbali.com/assets/js/bootstrap.min.js]
[undangandigitalbali.com/tema/6/assets/img/hero3.html]
